
[1m[46m RUN [49m[22m [36mv4.0.18 [39m[90mE:/AEGIS-COLAB-APP[39m

 [32mΓ£ô[39m src/components/ui/AuthPanel.test.tsx [2m([22m[2m5 tests[22m[2m)[22m[32m 293[2mms[22m[39m

[2m Test Files [22m [1m[32m1 passed[39m[22m[90m (1)[39m
[2m      Tests [22m [1m[32m5 passed[39m[22m[90m (5)[39m
[2m   Start at [22m 19:44:58
[2m   Duration [22m 1.21s[2m (transform 101ms, setup 0ms, import 296ms, tests 293ms, environment 494ms)[22m

JUNIT report written to E:/AEGIS-COLAB-APP/test-results/vitest/junit.xml
