
Running 5 tests using 5 workers

  Γ£ÿ  1 [chromium] ΓÇ║ tests\session-stabilization.spec.ts:11:5 ΓÇ║ Session Stabilization Integrity ΓÇ║ BM-SESSION-QA-01: Start and Resume Session (5.7s)
  Γ£ÿ  2 [chromium] ΓÇ║ tests\governance-integrity.spec.ts:65:5 ΓÇ║ Governance Integrity Validation ΓÇ║ BM-QA-01: Deferral Requires Rationale (5.6s)
  Γ£ÿ  3 [chromium] ΓÇ║ tests\governance-integrity.spec.ts:100:5 ΓÇ║ Governance Integrity Validation ΓÇ║ BM-QA-01: Ledger Snapshot Integrity (30.1s)
  Γ£ÿ  5 [chromium] ΓÇ║ tests\session-stabilization.spec.ts:31:5 ΓÇ║ Session Stabilization Integrity ΓÇ║ BM-SESSION-QA-02: Join Active Session (30.1s)
  Γ£ÿ  4 [chromium] ΓÇ║ tests\governance-integrity.spec.ts:24:5 ΓÇ║ Governance Integrity Validation ΓÇ║ BM-QA-01: Strict Visibility Gating for Lock Button (30.1s)


  1) [chromium] ΓÇ║ tests\governance-integrity.spec.ts:24:5 ΓÇ║ Governance Integrity Validation ΓÇ║ BM-QA-01: Strict Visibility Gating for Lock Button 

    [31mTest timeout of 30000ms exceeded.[39m

    Error: locator.click: Test timeout of 30000ms exceeded.
    Call log:
    [2m  - waiting for locator('button[title*="Edit Metadata"]')[22m


      28 |
      29 |         // 2. Narrow domains
    > 30 |         await page.locator('button[title*="Edit Metadata"]').click();
         |                                                              ^
      31 |         const domainInput = page.locator('input[aria-label="Target Domains"]');
      32 |         await domainInput.fill('Product');
      33 |         await page.locator('button[title*="Save Metadata"]').click();
        at E:\AEGIS-COLAB-APP\tests\governance-integrity.spec.ts:30:62

    attachment #1: screenshot (image/png) ΓöÇΓöÇΓöÇΓöÇΓöÇΓöÇΓöÇΓöÇΓöÇΓöÇΓöÇΓöÇΓöÇΓöÇΓöÇΓöÇΓöÇΓöÇΓöÇΓöÇΓöÇΓöÇΓöÇΓöÇΓöÇΓöÇΓöÇΓöÇΓöÇΓöÇΓöÇΓöÇΓöÇΓöÇΓöÇΓöÇΓöÇΓöÇΓöÇΓöÇΓöÇΓöÇΓöÇΓöÇΓöÇΓöÇΓöÇΓöÇΓöÇΓöÇΓöÇΓöÇΓöÇΓöÇΓöÇΓöÇΓöÇΓöÇ
    test-results\governance-integrity-Gover-39c40-lity-Gating-for-Lock-Button-chromium\test-failed-1.png
    ΓöÇΓöÇΓöÇΓöÇΓöÇΓöÇΓöÇΓöÇΓöÇΓöÇΓöÇΓöÇΓöÇΓöÇΓöÇΓöÇΓöÇΓöÇΓöÇΓöÇΓöÇΓöÇΓöÇΓöÇΓöÇΓöÇΓöÇΓöÇΓöÇΓöÇΓöÇΓöÇΓöÇΓöÇΓöÇΓöÇΓöÇΓöÇΓöÇΓöÇΓöÇΓöÇΓöÇΓöÇΓöÇΓöÇΓöÇΓöÇΓöÇΓöÇΓöÇΓöÇΓöÇΓöÇΓöÇΓöÇΓöÇΓöÇΓöÇΓöÇΓöÇΓöÇΓöÇΓöÇΓöÇΓöÇΓöÇΓöÇΓöÇΓöÇΓöÇΓöÇΓöÇΓöÇΓöÇΓöÇΓöÇΓöÇΓöÇΓöÇΓöÇΓöÇΓöÇΓöÇΓöÇΓöÇΓöÇΓöÇΓöÇΓöÇΓöÇΓöÇΓöÇΓöÇΓöÇΓöÇ

  2) [chromium] ΓÇ║ tests\governance-integrity.spec.ts:65:5 ΓÇ║ Governance Integrity Validation ΓÇ║ BM-QA-01: Deferral Requires Rationale 

    Error: [2mexpect([22m[31mlocator[39m[2m).[22mtoBeVisible[2m([22m[2m)[22m failed

    Locator: locator('div.space-y-2').filter({ hasText: 'Lens Coverage' }).locator('div.bg-destructive\\/5').first()
    Expected: visible
    Timeout: 5000ms
    Error: element(s) not found

    Call log:
    [2m  - Expect "toBeVisible" with timeout 5000ms[22m
    [2m  - waiting for locator('div.space-y-2').filter({ hasText: 'Lens Coverage' }).locator('div.bg-destructive\\/5').first()[22m


      68 |         // Find a lens with !!! (missing)
      69 |         const lensContainer = lensesList.locator('div.bg-destructive\\/5').first();
    > 70 |         await expect(lensContainer).toBeVisible();
         |                                     ^
      71 |
      72 |         const lensNameWithIcon = await lensContainer.locator('span.font-medium').innerText();
      73 |         // It might be "!!! Product" or something else
        at E:\AEGIS-COLAB-APP\tests\governance-integrity.spec.ts:70:37

    attachment #1: screenshot (image/png) ΓöÇΓöÇΓöÇΓöÇΓöÇΓöÇΓöÇΓöÇΓöÇΓöÇΓöÇΓöÇΓöÇΓöÇΓöÇΓöÇΓöÇΓöÇΓöÇΓöÇΓöÇΓöÇΓöÇΓöÇΓöÇΓöÇΓöÇΓöÇΓöÇΓöÇΓöÇΓöÇΓöÇΓöÇΓöÇΓöÇΓöÇΓöÇΓöÇΓöÇΓöÇΓöÇΓöÇΓöÇΓöÇΓöÇΓöÇΓöÇΓöÇΓöÇΓöÇΓöÇΓöÇΓöÇΓöÇΓöÇΓöÇΓöÇ
    test-results\governance-integrity-Gover-9adf7-Deferral-Requires-Rationale-chromium\test-failed-1.png
    ΓöÇΓöÇΓöÇΓöÇΓöÇΓöÇΓöÇΓöÇΓöÇΓöÇΓöÇΓöÇΓöÇΓöÇΓöÇΓöÇΓöÇΓöÇΓöÇΓöÇΓöÇΓöÇΓöÇΓöÇΓöÇΓöÇΓöÇΓöÇΓöÇΓöÇΓöÇΓöÇΓöÇΓöÇΓöÇΓöÇΓöÇΓöÇΓöÇΓöÇΓöÇΓöÇΓöÇΓöÇΓöÇΓöÇΓöÇΓöÇΓöÇΓöÇΓöÇΓöÇΓöÇΓöÇΓöÇΓöÇΓöÇΓöÇΓöÇΓöÇΓöÇΓöÇΓöÇΓöÇΓöÇΓöÇΓöÇΓöÇΓöÇΓöÇΓöÇΓöÇΓöÇΓöÇΓöÇΓöÇΓöÇΓöÇΓöÇΓöÇΓöÇΓöÇΓöÇΓöÇΓöÇΓöÇΓöÇΓöÇΓöÇΓöÇΓöÇΓöÇΓöÇΓöÇΓöÇΓöÇ

  3) [chromium] ΓÇ║ tests\governance-integrity.spec.ts:100:5 ΓÇ║ Governance Integrity Validation ΓÇ║ BM-QA-01: Ledger Snapshot Integrity 

    [31mTest timeout of 30000ms exceeded.[39m

    Error: locator.click: Test timeout of 30000ms exceeded.
    Call log:
    [2m  - waiting for locator('button[title*="Edit Metadata"]')[22m


      103 |
      104 |         // Fast convergence
    > 105 |         await page.locator('button[title*="Edit Metadata"]').click();
          |                                                              ^
      106 |         await page.locator('input[aria-label="Target Domains"]').fill('Engineering');
      107 |         await page.locator('button[title*="Save Metadata"]').click();
      108 |         await page.waitForTimeout(1000);
        at E:\AEGIS-COLAB-APP\tests\governance-integrity.spec.ts:105:62

    attachment #1: screenshot (image/png) ΓöÇΓöÇΓöÇΓöÇΓöÇΓöÇΓöÇΓöÇΓöÇΓöÇΓöÇΓöÇΓöÇΓöÇΓöÇΓöÇΓöÇΓöÇΓöÇΓöÇΓöÇΓöÇΓöÇΓöÇΓöÇΓöÇΓöÇΓöÇΓöÇΓöÇΓöÇΓöÇΓöÇΓöÇΓöÇΓöÇΓöÇΓöÇΓöÇΓöÇΓöÇΓöÇΓöÇΓöÇΓöÇΓöÇΓöÇΓöÇΓöÇΓöÇΓöÇΓöÇΓöÇΓöÇΓöÇΓöÇΓöÇΓöÇ
    test-results\governance-integrity-Gover-03137-1-Ledger-Snapshot-Integrity-chromium\test-failed-1.png
    ΓöÇΓöÇΓöÇΓöÇΓöÇΓöÇΓöÇΓöÇΓöÇΓöÇΓöÇΓöÇΓöÇΓöÇΓöÇΓöÇΓöÇΓöÇΓöÇΓöÇΓöÇΓöÇΓöÇΓöÇΓöÇΓöÇΓöÇΓöÇΓöÇΓöÇΓöÇΓöÇΓöÇΓöÇΓöÇΓöÇΓöÇΓöÇΓöÇΓöÇΓöÇΓöÇΓöÇΓöÇΓöÇΓöÇΓöÇΓöÇΓöÇΓöÇΓöÇΓöÇΓöÇΓöÇΓöÇΓöÇΓöÇΓöÇΓöÇΓöÇΓöÇΓöÇΓöÇΓöÇΓöÇΓöÇΓöÇΓöÇΓöÇΓöÇΓöÇΓöÇΓöÇΓöÇΓöÇΓöÇΓöÇΓöÇΓöÇΓöÇΓöÇΓöÇΓöÇΓöÇΓöÇΓöÇΓöÇΓöÇΓöÇΓöÇΓöÇΓöÇΓöÇΓöÇΓöÇΓöÇ

  4) [chromium] ΓÇ║ tests\session-stabilization.spec.ts:11:5 ΓÇ║ Session Stabilization Integrity ΓÇ║ BM-SESSION-QA-01: Start and Resume Session 

    Error: [2mexpect([22m[31mlocator[39m[2m).[22mtoBeVisible[2m([22m[2m)[22m failed

    Locator: getByText('Artifacts Archive')
    Expected: visible
    Timeout: 5000ms
    Error: element(s) not found

    Call log:
    [2m  - Expect "toBeVisible" with timeout 5000ms[22m
    [2m  - waiting for getByText('Artifacts Archive')[22m


      11 |     test('BM-SESSION-QA-01: Start and Resume Session', async ({ page }) => {
      12 |         // 1. Navigate to Artifacts
    > 13 |         await expect(page.getByText('Artifacts Archive')).toBeVisible();
         |                                                           ^
      14 |
      15 |         // 2. Start a new session
      16 |         const startButton = page.locator('button:has-text("Start Session")').first();
        at E:\AEGIS-COLAB-APP\tests\session-stabilization.spec.ts:13:59

    attachment #1: screenshot (image/png) ΓöÇΓöÇΓöÇΓöÇΓöÇΓöÇΓöÇΓöÇΓöÇΓöÇΓöÇΓöÇΓöÇΓöÇΓöÇΓöÇΓöÇΓöÇΓöÇΓöÇΓöÇΓöÇΓöÇΓöÇΓöÇΓöÇΓöÇΓöÇΓöÇΓöÇΓöÇΓöÇΓöÇΓöÇΓöÇΓöÇΓöÇΓöÇΓöÇΓöÇΓöÇΓöÇΓöÇΓöÇΓöÇΓöÇΓöÇΓöÇΓöÇΓöÇΓöÇΓöÇΓöÇΓöÇΓöÇΓöÇΓöÇΓöÇ
    test-results\session-stabilization-Sess-8fc62-01-Start-and-Resume-Session-chromium\test-failed-1.png
    ΓöÇΓöÇΓöÇΓöÇΓöÇΓöÇΓöÇΓöÇΓöÇΓöÇΓöÇΓöÇΓöÇΓöÇΓöÇΓöÇΓöÇΓöÇΓöÇΓöÇΓöÇΓöÇΓöÇΓöÇΓöÇΓöÇΓöÇΓöÇΓöÇΓöÇΓöÇΓöÇΓöÇΓöÇΓöÇΓöÇΓöÇΓöÇΓöÇΓöÇΓöÇΓöÇΓöÇΓöÇΓöÇΓöÇΓöÇΓöÇΓöÇΓöÇΓöÇΓöÇΓöÇΓöÇΓöÇΓöÇΓöÇΓöÇΓöÇΓöÇΓöÇΓöÇΓöÇΓöÇΓöÇΓöÇΓöÇΓöÇΓöÇΓöÇΓöÇΓöÇΓöÇΓöÇΓöÇΓöÇΓöÇΓöÇΓöÇΓöÇΓöÇΓöÇΓöÇΓöÇΓöÇΓöÇΓöÇΓöÇΓöÇΓöÇΓöÇΓöÇΓöÇΓöÇΓöÇΓöÇ

  5) [chromium] ΓÇ║ tests\session-stabilization.spec.ts:31:5 ΓÇ║ Session Stabilization Integrity ΓÇ║ BM-SESSION-QA-02: Join Active Session 

    [31mTest timeout of 30000ms exceeded.[39m

    Error: locator.click: Test timeout of 30000ms exceeded.
    Call log:
    [2m  - waiting for locator('button:has-text("Start Session")').first()[22m


      31 |     test('BM-SESSION-QA-02: Join Active Session', async ({ page, context }) => {
      32 |         // 1. Start session in first tab
    > 33 |         await page.locator('button:has-text("Start Session")').first().click();
         |                                                                        ^
      34 |         const sessionId = await page.evaluate(() => {
      35 |             const sessions = JSON.parse(localStorage.getItem('aegis.sessions.v0') || '[]');
      36 |             return sessions[0]?.id;
        at E:\AEGIS-COLAB-APP\tests\session-stabilization.spec.ts:33:72

    attachment #1: screenshot (image/png) ΓöÇΓöÇΓöÇΓöÇΓöÇΓöÇΓöÇΓöÇΓöÇΓöÇΓöÇΓöÇΓöÇΓöÇΓöÇΓöÇΓöÇΓöÇΓöÇΓöÇΓöÇΓöÇΓöÇΓöÇΓöÇΓöÇΓöÇΓöÇΓöÇΓöÇΓöÇΓöÇΓöÇΓöÇΓöÇΓöÇΓöÇΓöÇΓöÇΓöÇΓöÇΓöÇΓöÇΓöÇΓöÇΓöÇΓöÇΓöÇΓöÇΓöÇΓöÇΓöÇΓöÇΓöÇΓöÇΓöÇΓöÇΓöÇ
    test-results\session-stabilization-Sess-e46d7-N-QA-02-Join-Active-Session-chromium\test-failed-1.png
    ΓöÇΓöÇΓöÇΓöÇΓöÇΓöÇΓöÇΓöÇΓöÇΓöÇΓöÇΓöÇΓöÇΓöÇΓöÇΓöÇΓöÇΓöÇΓöÇΓöÇΓöÇΓöÇΓöÇΓöÇΓöÇΓöÇΓöÇΓöÇΓöÇΓöÇΓöÇΓöÇΓöÇΓöÇΓöÇΓöÇΓöÇΓöÇΓöÇΓöÇΓöÇΓöÇΓöÇΓöÇΓöÇΓöÇΓöÇΓöÇΓöÇΓöÇΓöÇΓöÇΓöÇΓöÇΓöÇΓöÇΓöÇΓöÇΓöÇΓöÇΓöÇΓöÇΓöÇΓöÇΓöÇΓöÇΓöÇΓöÇΓöÇΓöÇΓöÇΓöÇΓöÇΓöÇΓöÇΓöÇΓöÇΓöÇΓöÇΓöÇΓöÇΓöÇΓöÇΓöÇΓöÇΓöÇΓöÇΓöÇΓöÇΓöÇΓöÇΓöÇΓöÇΓöÇΓöÇΓöÇ

  5 failed
    [chromium] ΓÇ║ tests\governance-integrity.spec.ts:24:5 ΓÇ║ Governance Integrity Validation ΓÇ║ BM-QA-01: Strict Visibility Gating for Lock Button 
    [chromium] ΓÇ║ tests\governance-integrity.spec.ts:65:5 ΓÇ║ Governance Integrity Validation ΓÇ║ BM-QA-01: Deferral Requires Rationale 
    [chromium] ΓÇ║ tests\governance-integrity.spec.ts:100:5 ΓÇ║ Governance Integrity Validation ΓÇ║ BM-QA-01: Ledger Snapshot Integrity 
    [chromium] ΓÇ║ tests\session-stabilization.spec.ts:11:5 ΓÇ║ Session Stabilization Integrity ΓÇ║ BM-SESSION-QA-01: Start and Resume Session 
    [chromium] ΓÇ║ tests\session-stabilization.spec.ts:31:5 ΓÇ║ Session Stabilization Integrity ΓÇ║ BM-SESSION-QA-02: Join Active Session 
